******************************************************************************
                  TI ARM Linker PC v18.1.1                     
******************************************************************************
>> Linked Tue Jul 10 09:46:15 2018

OUTPUT FILE NAME:   <Wi-Fi_interface_test.out>
ENTRY POINT SYMBOL: "_c_int00_noargs"  address: 00000371


MEMORY CONFIGURATION

         name            origin    length      used     unused   attr    fill
----------------------  --------  ---------  --------  --------  ----  --------
  MAIN                  00000000   00040000  00000472  0003fb8e  R  X
  INFO                  00200000   00004000  00000000  00004000  R  X
  SRAM_CODE             01000000   00010000  00000268  0000fd98  RW X
  SRAM_DATA             20000000   00010000  00000268  0000fd98  RW  


SEGMENT ALLOCATION MAP

run origin  load origin   length   init length attrs members
----------  ----------- ---------- ----------- ----- -------
00000000    00000000    00000478   00000478    r-x
  00000000    00000000    000000e4   000000e4    r-- .intvecs
  000000e4    000000e4    0000033a   0000033a    r-x .text
  00000420    00000420    00000024   00000024    r-- .const
  00000448    00000448    00000030   00000030    r-- .cinit
20000000    20000000    00000068   00000000    rw-
  20000000    20000000    00000064   00000000    rw- .bss
  20000064    20000064    00000004   00000000    rw- .data
2000fe00    2000fe00    00000200   00000000    rw-
  2000fe00    2000fe00    00000200   00000000    rw- .stack


SECTION ALLOCATION MAP

 output                                  attributes/
section   page    origin      length       input sections
--------  ----  ----------  ----------   ----------------
.intvecs   0    00000000    000000e4     
                  00000000    000000e4     startup_msp432p401r_ccs.obj (.intvecs:retain)

.text      0    000000e4    0000033a     
                  000000e4    0000009c     rtsv7M4_T_le_v4SPD16_eabi.lib : memcpy_t2.asm.obj (.text)
                  00000180    00000078     system_msp432p401r.obj (.text:SystemInit)
                  000001f8    00000078     main.obj (.text:UART_A2_Init)
                  00000270    00000068     rtsv7M4_T_le_v4SPD16_eabi.lib : copy_decompress_lzss.c.obj (.text:decompress:lzss:__TI_decompress_lzss)
                  000002d8    00000054     main.obj (.text:EUSCIA2_IRQHandler)
                  0000032c    00000044     rtsv7M4_T_le_v4SPD16_eabi.lib : autoinit.c.obj (.text:__TI_auto_init_nobinit_nopinit:__TI_auto_init_nobinit_nopinit)
                  00000370    00000038                                   : boot_cortex_m.c.obj (.text:_c_int00_noargs:_c_int00_noargs)
                  000003a8    00000024     msp432p4xx_driverlib.lib : cs_MSP432P4XX.obj (.text:CS_setDCOCenteredFrequency)
                  000003cc    0000001c     main.obj (.text:main)
                  000003e8    00000012     rtsv7M4_T_le_v4SPD16_eabi.lib : copy_zero_init.c.obj (.text:decompress:ZI:__TI_zero_init_nomemset:__TI_zero_init_nomemset)
                  000003fa    0000000e                                   : copy_decompress_none.c.obj (.text:decompress:none:__TI_decompress_none)
                  00000408    0000000c     startup_msp432p401r_ccs.obj (.text:Reset_Handler)
                  00000414    00000004     rtsv7M4_T_le_v4SPD16_eabi.lib : pre_init.c.obj (.text:_system_pre_init)
                  00000418    00000004                                   : exit.c.obj (.text:abort:abort)
                  0000041c    00000002     startup_msp432p401r_ccs.obj (.text:Default_Handler)

.const     0    00000420    00000024     
                  00000420    00000024     main.obj (.const:uartConfig)

.cinit     0    00000448    00000030     
                  00000448    0000000c     (__TI_handler_table)
                  00000454    00000004     --HOLE-- [fill = 0]
                  00000458    00000008     (.cinit..bss.load) [load image, compression = zero_init]
                  00000460    00000008     (.cinit..data.load) [load image, compression = lzss]
                  00000468    00000010     (__TI_cinit_table)

.init_array 
*          0    00000000    00000000     UNINITIALIZED

.binit     0    00000000    00000000     

.bss       0    20000000    00000064     UNINITIALIZED
                  20000000    00000064     (.common:RXBuffer)

.data      0    20000064    00000004     UNINITIALIZED
                  20000064    00000004     main.obj (.data)

.stack     0    2000fe00    00000200     UNINITIALIZED
                  2000fe00    00000004     rtsv7M4_T_le_v4SPD16_eabi.lib : boot_cortex_m.c.obj (.stack)
                  2000fe04    000001fc     --HOLE--

MODULE SUMMARY

       Module                        code   ro data   rw data
       ------                        ----   -------   -------
    .\
       main.obj                      232    36        208    
       system_msp432p401r.obj        120    0         0      
    +--+-----------------------------+------+---------+---------+
       Total:                        352    36        208    
                                                             
    .\ccs\
       startup_msp432p401r_ccs.obj   14     228       0      
    +--+-----------------------------+------+---------+---------+
       Total:                        14     228       0      
                                                             
    C:/ti/simplelink_msp432p4_sdk_2_10_00_14/source/ti/devices/msp432p4xx/driverlib/ccs/msp432p4xx_driverlib.lib
       cs_MSP432P4XX.obj             36     0         0      
    +--+-----------------------------+------+---------+---------+
       Total:                        36     0         0      
                                                             
    C:\ti\ccsv8\tools\compiler\ti-cgt-arm_18.1.1.LTS\lib\rtsv7M4_T_le_v4SPD16_eabi.lib
       memcpy_t2.asm.obj             156    0         0      
       copy_decompress_lzss.c.obj    104    0         0      
       autoinit.c.obj                68     0         0      
       boot_cortex_m.c.obj           56     0         0      
       copy_zero_init.c.obj          18     0         0      
       copy_decompress_none.c.obj    14     0         0      
       exit.c.obj                    4      0         0      
       pre_init.c.obj                4      0         0      
    +--+-----------------------------+------+---------+---------+
       Total:                        424    0         0      
                                                             
       Stack:                        0      0         1024   
       Linker Generated:             0      44        0      
    +--+-----------------------------+------+---------+---------+
       Grand Total:                  826    308       1232   


LINKER GENERATED COPY TABLES

__TI_cinit_table @ 00000468 records: 2, size/record: 8, table size: 16
	.bss: load addr=00000458, load size=00000008 bytes, run addr=20000000, run size=00000064 bytes, compression=zero_init
	.data: load addr=00000460, load size=00000008 bytes, run addr=20000064, run size=00000004 bytes, compression=lzss


LINKER GENERATED HANDLER TABLE

__TI_handler_table @ 00000448 records: 3, size/record: 4, table size: 12
	index: 0, handler: __TI_decompress_lzss
	index: 1, handler: __TI_decompress_none
	index: 2, handler: __TI_zero_init


GLOBAL SYMBOLS: SORTED ALPHABETICALLY BY Name 

address   name                          
-------   ----                          
0000041d  ADC14_IRQHandler              
0000041d  AES256_IRQHandler             
20000067  AT_Error                      
0000041d  BusFault_Handler              
00000419  C$$EXIT                       
0000041d  COMP_E0_IRQHandler            
0000041d  COMP_E1_IRQHandler            
0000041d  CS_IRQHandler                 
000003a9  CS_setDCOCenteredFrequency    
0000041d  DMA_ERR_IRQHandler            
0000041d  DMA_INT0_IRQHandler           
0000041d  DMA_INT1_IRQHandler           
0000041d  DMA_INT2_IRQHandler           
0000041d  DMA_INT3_IRQHandler           
0000041d  DebugMon_Handler              
0000041d  Default_Handler               
0000041d  EUSCIA0_IRQHandler            
0000041d  EUSCIA1_IRQHandler            
000002d9  EUSCIA2_IRQHandler            
000002d9  EUSCIA2_IRQHandler            
0000041d  EUSCIA3_IRQHandler            
0000041d  EUSCIB0_IRQHandler            
0000041d  EUSCIB1_IRQHandler            
0000041d  EUSCIB2_IRQHandler            
0000041d  EUSCIB3_IRQHandler            
0000041d  FLCTL_IRQHandler              
0000041d  FPU_IRQHandler                
0000041d  HardFault_Handler             
0000041d  MemManage_Handler             
0000041d  NMI_Handler                   
0000041d  PCM_IRQHandler                
0000041d  PORT1_IRQHandler              
0000041d  PORT2_IRQHandler              
0000041d  PORT3_IRQHandler              
0000041d  PORT4_IRQHandler              
0000041d  PORT5_IRQHandler              
0000041d  PORT6_IRQHandler              
0000041d  PSS_IRQHandler                
0000041d  PendSV_Handler                
0000041d  RTC_C_IRQHandler              
20000000  RXBuffer                      
20000066  Receive_done                  
00000409  Reset_Handler                 
0000041d  SVC_Handler                   
0000041d  SysTick_Handler               
00000181  SystemInit                    
0000041d  T32_INT1_IRQHandler           
0000041d  T32_INT2_IRQHandler           
0000041d  T32_INTC_IRQHandler           
0000041d  TA0_0_IRQHandler              
0000041d  TA0_N_IRQHandler              
0000041d  TA1_0_IRQHandler              
0000041d  TA1_N_IRQHandler              
0000041d  TA2_0_IRQHandler              
0000041d  TA2_N_IRQHandler              
0000041d  TA3_0_IRQHandler              
0000041d  TA3_N_IRQHandler              
000001f9  UART_A2_Init                  
0000041d  UsageFault_Handler            
4000480c  WDTCTL_SYM                    
0000041d  WDT_A_IRQHandler              
20010000  __STACK_END                   
00000200  __STACK_SIZE                  
00000468  __TI_CINIT_Base               
00000478  __TI_CINIT_Limit              
00000448  __TI_Handler_Table_Base       
00000454  __TI_Handler_Table_Limit      
0000032d  __TI_auto_init_nobinit_nopinit
00000271  __TI_decompress_lzss          
000003fb  __TI_decompress_none          
ffffffff  __TI_pprof_out_hndl           
ffffffff  __TI_prof_data_size           
ffffffff  __TI_prof_data_start          
00000000  __TI_static_base__            
000003e9  __TI_zero_init_nomemset       
000000e5  __aeabi_memcpy                
000000e5  __aeabi_memcpy4               
000000e5  __aeabi_memcpy8               
ffffffff  __binit__                     
ffffffff  __c_args__                    
UNDEFED   __mpu_init                    
2000fe00  __stack                       
00000371  _c_int00_noargs               
UNDEFED   _system_post_cinit            
00000415  _system_pre_init              
00000419  abort                         
ffffffff  binit                         
20000064  i                             
00000000  interruptVectors              
000003cd  main                          
000000e5  memcpy                        
00000420  uartConfig                    
20000065  x                             


GLOBAL SYMBOLS: SORTED BY Symbol Address 

address   name                          
-------   ----                          
00000000  __TI_static_base__            
00000000  interruptVectors              
000000e5  __aeabi_memcpy                
000000e5  __aeabi_memcpy4               
000000e5  __aeabi_memcpy8               
000000e5  memcpy                        
00000181  SystemInit                    
000001f9  UART_A2_Init                  
00000200  __STACK_SIZE                  
00000271  __TI_decompress_lzss          
000002d9  EUSCIA2_IRQHandler            
000002d9  EUSCIA2_IRQHandler            
0000032d  __TI_auto_init_nobinit_nopinit
00000371  _c_int00_noargs               
000003a9  CS_setDCOCenteredFrequency    
000003cd  main                          
000003e9  __TI_zero_init_nomemset       
000003fb  __TI_decompress_none          
00000409  Reset_Handler                 
00000415  _system_pre_init              
00000419  C$$EXIT                       
00000419  abort                         
0000041d  ADC14_IRQHandler              
0000041d  AES256_IRQHandler             
0000041d  BusFault_Handler              
0000041d  COMP_E0_IRQHandler            
0000041d  COMP_E1_IRQHandler            
0000041d  CS_IRQHandler                 
0000041d  DMA_ERR_IRQHandler            
0000041d  DMA_INT0_IRQHandler           
0000041d  DMA_INT1_IRQHandler           
0000041d  DMA_INT2_IRQHandler           
0000041d  DMA_INT3_IRQHandler           
0000041d  DebugMon_Handler              
0000041d  Default_Handler               
0000041d  EUSCIA0_IRQHandler            
0000041d  EUSCIA1_IRQHandler            
0000041d  EUSCIA3_IRQHandler            
0000041d  EUSCIB0_IRQHandler            
0000041d  EUSCIB1_IRQHandler            
0000041d  EUSCIB2_IRQHandler            
0000041d  EUSCIB3_IRQHandler            
0000041d  FLCTL_IRQHandler              
0000041d  FPU_IRQHandler                
0000041d  HardFault_Handler             
0000041d  MemManage_Handler             
0000041d  NMI_Handler                   
0000041d  PCM_IRQHandler                
0000041d  PORT1_IRQHandler              
0000041d  PORT2_IRQHandler              
0000041d  PORT3_IRQHandler              
0000041d  PORT4_IRQHandler              
0000041d  PORT5_IRQHandler              
0000041d  PORT6_IRQHandler              
0000041d  PSS_IRQHandler                
0000041d  PendSV_Handler                
0000041d  RTC_C_IRQHandler              
0000041d  SVC_Handler                   
0000041d  SysTick_Handler               
0000041d  T32_INT1_IRQHandler           
0000041d  T32_INT2_IRQHandler           
0000041d  T32_INTC_IRQHandler           
0000041d  TA0_0_IRQHandler              
0000041d  TA0_N_IRQHandler              
0000041d  TA1_0_IRQHandler              
0000041d  TA1_N_IRQHandler              
0000041d  TA2_0_IRQHandler              
0000041d  TA2_N_IRQHandler              
0000041d  TA3_0_IRQHandler              
0000041d  TA3_N_IRQHandler              
0000041d  UsageFault_Handler            
0000041d  WDT_A_IRQHandler              
00000420  uartConfig                    
00000448  __TI_Handler_Table_Base       
00000454  __TI_Handler_Table_Limit      
00000468  __TI_CINIT_Base               
00000478  __TI_CINIT_Limit              
20000000  RXBuffer                      
20000064  i                             
20000065  x                             
20000066  Receive_done                  
20000067  AT_Error                      
2000fe00  __stack                       
20010000  __STACK_END                   
4000480c  WDTCTL_SYM                    
ffffffff  __TI_pprof_out_hndl           
ffffffff  __TI_prof_data_size           
ffffffff  __TI_prof_data_start          
ffffffff  __binit__                     
ffffffff  __c_args__                    
ffffffff  binit                         
UNDEFED   __mpu_init                    
UNDEFED   _system_post_cinit            

[93 symbols]
